// Vitest Snapshot v1, https://vitest.dev/guide/snapshot.html

exports[`PauseIcon snapshot 1`] = `
{
  "asFragment": [Function],
  "baseElement": <body>
    <div>
      <svg
        fill="none"
        viewBox="0 0 30 30"
        xmlns="http://www.w3.org/2000/svg"
      >
        <path
          d="M20 2.5C19.0054 2.5 18.0516 2.89509 17.3483 3.59835C16.6451 4.30161 16.25 5.25544 16.25 6.25V23.75C16.25 24.7446 16.6451 25.6984 17.3483 26.4017C18.0516 27.1049 19.0054 27.5 20 27.5C20.9946 27.5 21.9484 27.1049 22.6517 26.4017C23.3549 25.6984 23.75 24.7446 23.75 23.75V6.25C23.75 5.25544 23.3549 4.30161 22.6517 3.59835C21.9484 2.89509 20.9946 2.5 20 2.5ZM21.25 23.75C21.25 24.0815 21.1183 24.3995 20.8839 24.6339C20.6495 24.8683 20.3315 25 20 25C19.6685 25 19.3505 24.8683 19.1161 24.6339C18.8817 24.3995 18.75 24.0815 18.75 23.75V6.25C18.75 5.91848 18.8817 5.60054 19.1161 5.36612C19.3505 5.1317 19.6685 5 20 5C20.3315 5 20.6495 5.1317 20.8839 5.36612C21.1183 5.60054 21.25 5.91848 21.25 6.25V23.75ZM10 2.5C9.00544 2.5 8.05161 2.89509 7.34835 3.59835C6.64509 4.30161 6.25 5.25544 6.25 6.25V23.75C6.25 24.7446 6.64509 25.6984 7.34835 26.4017C8.05161 27.1049 9.00544 27.5 10 27.5C10.9946 27.5 11.9484 27.1049 12.6517 26.4017C13.3549 25.6984 13.75 24.7446 13.75 23.75V6.25C13.75 5.25544 13.3549 4.30161 12.6517 3.59835C11.9484 2.89509 10.9946 2.5 10 2.5ZM11.25 23.75C11.25 24.0815 11.1183 24.3995 10.8839 24.6339C10.6495 24.8683 10.3315 25 10 25C9.66848 25 9.35054 24.8683 9.11612 24.6339C8.8817 24.3995 8.75 24.0815 8.75 23.75V6.25C8.75 5.91848 8.8817 5.60054 9.11612 5.36612C9.35054 5.1317 9.66848 5 10 5C10.3315 5 10.6495 5.1317 10.8839 5.36612C11.1183 5.60054 11.25 5.91848 11.25 6.25V23.75Z"
          fill="#ADADAD"
        />
      </svg>
    </div>
  </body>,
  "container": <div>
    <svg
      fill="none"
      viewBox="0 0 30 30"
      xmlns="http://www.w3.org/2000/svg"
    >
      <path
        d="M20 2.5C19.0054 2.5 18.0516 2.89509 17.3483 3.59835C16.6451 4.30161 16.25 5.25544 16.25 6.25V23.75C16.25 24.7446 16.6451 25.6984 17.3483 26.4017C18.0516 27.1049 19.0054 27.5 20 27.5C20.9946 27.5 21.9484 27.1049 22.6517 26.4017C23.3549 25.6984 23.75 24.7446 23.75 23.75V6.25C23.75 5.25544 23.3549 4.30161 22.6517 3.59835C21.9484 2.89509 20.9946 2.5 20 2.5ZM21.25 23.75C21.25 24.0815 21.1183 24.3995 20.8839 24.6339C20.6495 24.8683 20.3315 25 20 25C19.6685 25 19.3505 24.8683 19.1161 24.6339C18.8817 24.3995 18.75 24.0815 18.75 23.75V6.25C18.75 5.91848 18.8817 5.60054 19.1161 5.36612C19.3505 5.1317 19.6685 5 20 5C20.3315 5 20.6495 5.1317 20.8839 5.36612C21.1183 5.60054 21.25 5.91848 21.25 6.25V23.75ZM10 2.5C9.00544 2.5 8.05161 2.89509 7.34835 3.59835C6.64509 4.30161 6.25 5.25544 6.25 6.25V23.75C6.25 24.7446 6.64509 25.6984 7.34835 26.4017C8.05161 27.1049 9.00544 27.5 10 27.5C10.9946 27.5 11.9484 27.1049 12.6517 26.4017C13.3549 25.6984 13.75 24.7446 13.75 23.75V6.25C13.75 5.25544 13.3549 4.30161 12.6517 3.59835C11.9484 2.89509 10.9946 2.5 10 2.5ZM11.25 23.75C11.25 24.0815 11.1183 24.3995 10.8839 24.6339C10.6495 24.8683 10.3315 25 10 25C9.66848 25 9.35054 24.8683 9.11612 24.6339C8.8817 24.3995 8.75 24.0815 8.75 23.75V6.25C8.75 5.91848 8.8817 5.60054 9.11612 5.36612C9.35054 5.1317 9.66848 5 10 5C10.3315 5 10.6495 5.1317 10.8839 5.36612C11.1183 5.60054 11.25 5.91848 11.25 6.25V23.75Z"
        fill="#ADADAD"
      />
    </svg>
  </div>,
  "debug": [Function],
  "findAllByAltText": [Function],
  "findAllByDisplayValue": [Function],
  "findAllByLabelText": [Function],
  "findAllByPlaceholderText": [Function],
  "findAllByRole": [Function],
  "findAllByTestId": [Function],
  "findAllByText": [Function],
  "findAllByTitle": [Function],
  "findByAltText": [Function],
  "findByDisplayValue": [Function],
  "findByLabelText": [Function],
  "findByPlaceholderText": [Function],
  "findByRole": [Function],
  "findByTestId": [Function],
  "findByText": [Function],
  "findByTitle": [Function],
  "getAllByAltText": [Function],
  "getAllByDisplayValue": [Function],
  "getAllByLabelText": [Function],
  "getAllByPlaceholderText": [Function],
  "getAllByRole": [Function],
  "getAllByTestId": [Function],
  "getAllByText": [Function],
  "getAllByTitle": [Function],
  "getByAltText": [Function],
  "getByDisplayValue": [Function],
  "getByLabelText": [Function],
  "getByPlaceholderText": [Function],
  "getByRole": [Function],
  "getByTestId": [Function],
  "getByText": [Function],
  "getByTitle": [Function],
  "queryAllByAltText": [Function],
  "queryAllByDisplayValue": [Function],
  "queryAllByLabelText": [Function],
  "queryAllByPlaceholderText": [Function],
  "queryAllByRole": [Function],
  "queryAllByTestId": [Function],
  "queryAllByText": [Function],
  "queryAllByTitle": [Function],
  "queryByAltText": [Function],
  "queryByDisplayValue": [Function],
  "queryByLabelText": [Function],
  "queryByPlaceholderText": [Function],
  "queryByRole": [Function],
  "queryByTestId": [Function],
  "queryByText": [Function],
  "queryByTitle": [Function],
  "rerender": [Function],
  "unmount": [Function],
}
`;
